// Vitest Snapshot v1, https://vitest.dev/guide/snapshot.html

exports[`AuthorCard component > renders correctly 1`] = `
<DocumentFragment>
  <div
    class="yl-border-2 yl-border-primary-text-color/20 yl-p-6 yl-rounded-lg"
  >
    <div
      class="yl-flex yl-flex-col yl-items-center yl-gap-4 md:yl-flex-row"
    >
      <div
        class="yl-hidden md:yl-block"
      >
        <div
          class="sm:yl-mt-0 yl-rounded-full yl-overflow-hidden"
          style="width: 75px; height: 75px;"
        >
          <img
            alt="John Doe"
            loading="lazy"
            src="https://avatars.githubusercontent.com/u/2085263?v=4"
            style="width: 75px; height: 75px;"
          />
        </div>
      </div>
      <div>
        <h2
          class="yl-text-2xl sm:yl-text-3xl md:yl-text-4xl yl-text-primary yl-break-words yl-overflow-hidden yl-font-bold"
        >
          John Doe
        </h2>
        <p
          class="yl-text-primary-text-color yl-break-words yl-overflow-hidden"
        >
          An expert in the field.
        </p>
      </div>
    </div>
  </div>
</DocumentFragment>
`;
