// Vitest Snapshot v1, https://vitest.dev/guide/snapshot.html

exports[`CTA component > renders correctly - snapshot test 1`] = `
<DocumentFragment>
  <div
    class="flex items-center justify-center"
  >
    <div
      class="flex flex-col items-center text-center"
    >
      <div
        class="flex flex-col items-center justify-center gap-4"
      >
        <div
          class="flex flex-col gap-2"
        >
          <h2
            class="text-2xl sm:text-3xl md:text-4xl lg:text-5xl my-4 text-primary break-words overflow-hidden font-bold text-primary-text-color"
          >
            Test Title
          </h2>
          <p
            class="my-4 text-primary-text-color mx-auto max-w-md text-primary-text-color text-center !my-0"
          >
            Test Subtitle
          </p>
        </div>
      </div>
    </div>
  </div>
</DocumentFragment>
`;
