// Vitest Snapshot v1, https://vitest.dev/guide/snapshot.html

exports[`Divider component > renders correctly - snapshot test 1`] = `
<DocumentFragment>
  <div
    class="yl-mx-auto yl-flex yl-justify-center yl-gap-1"
    data-testid="divider"
  />
</DocumentFragment>
`;
