// Vitest Snapshot v1, https://vitest.dev/guide/snapshot.html

exports[`Bookmark component > renders correctly - snapshot test 1`] = `
<DocumentFragment>
  <div
    class="yl-flex yl-items-start yl-gap-2"
  >
    <div
      class="yl-flex yl-gap-2"
    >
      <svg
        class="yl-relative yl-top-[-1px] yl-w-5 yl-cursor-pointer yl-fill-primary hover:yl-fill-primary"
        data-testid="icon-bookmarked"
        fill="currentColor"
        viewBox="0 0 16 16"
        xmlns="http://www.w3.org/2000/svg"
      >
        <path
          d="M10.854 5.146a.5.5 0 0 1 0 .708l-3 3a.5.5 0 0 1-.708 0l-1.5-1.5a.5.5 0 1 1 .708-.708L7.5 7.793l2.646-2.647a.5.5 0 0 1 .708 0"
          fill-rule="evenodd"
        />
        <path
          d="M2 2a2 2 0 0 1 2-2h8a2 2 0 0 1 2 2v13.5a.5.5 0 0 1-.777.416L8 13.101l-5.223 2.815A.5.5 0 0 1 2 15.5zm2-1a1 1 0 0 0-1 1v12.566l4.723-2.482a.5.5 0 0 1 .554 0L13 14.566V2a1 1 0 0 0-1-1z"
        />
      </svg>
    </div>
  </div>
</DocumentFragment>
`;
